2022-04-14 14:15:23.591 17463-17476/com.google.chip.chiptool D/IN: Prepared secure message 0x6f974fe3b0 to 0x0000000000000001 (1)  of type 0x8 and protocolId (0, 1) on exchange 51082i with MessageCounter:1188690.
2022-04-14 14:15:23.592 17463-17476/com.google.chip.chiptool D/IN: Sending encrypted msg 0x6f974fe3b0 with MessageCounter:1188690 to 0x0000000000000001 (1) at monotonic time: 000000000086586B msec
2022-04-14 14:15:23.592 17463-17476/com.google.chip.chiptool D/DL: Received SendWriteRequest
2022-04-14 14:15:23.597 17463-17476/com.google.chip.chiptool D/DMG: ICR moving to [CommandSen]
2022-04-14 14:15:23.597 17463-17476/com.google.chip.chiptool D/DMG: ICR moving to [AwaitingDe]
2022-04-14 14:15:23.690 17463-17476/com.google.chip.chiptool D/chip.BluetoothManager: MatterLock.onCharacteristicWrite: 18ee2ef5-263d-4559-959f-4f9c429f9d11 -> 0
2022-04-14 14:15:23.968 17463-17484/com.google.chip.chiptool W/libEGL: EGLNativeWindowType 0x6fa7513010 disconnect failed
2022-04-14 14:15:24.038 17463-17476/com.google.chip.chiptool D/chip.BluetoothManager: MatterLock.onCharacteristicChanged: 18ee2ef5-263d-4559-959f-4f9c429f9d12
2022-04-14 14:15:24.196 17463-17476/com.google.chip.chiptool D/BluetoothGatt: onConnectionUpdated() - Device=C2:E0:18:0E:E2:02 interval=36 latency=0 timeout=450 status=0
2022-04-14 14:15:24.334 17463-17476/com.google.chip.chiptool D/chip.BluetoothManager: MatterLock.onCharacteristicChanged: 18ee2ef5-263d-4559-959f-4f9c429f9d12
2022-04-14 14:15:24.512 17463-17476/com.google.chip.chiptool D/chip.BluetoothManager: MatterLock.onCharacteristicChanged: 18ee2ef5-263d-4559-959f-4f9c429f9d12
2022-04-14 14:15:24.512 17463-17476/com.google.chip.chiptool D/EM: Received message of type 0x9 with protocolId (0, 1) and MessageCounter:393513 on exchange 51082i
2022-04-14 14:15:24.513 17463-17476/com.google.chip.chiptool D/EM: Found matching exchange: 51082i, Delegate: 0x6fad019280
2022-04-14 14:15:24.513 17463-17476/com.google.chip.chiptool D/DMG: ICR moving to [ResponseRe]
2022-04-14 14:15:24.513 17463-17476/com.google.chip.chiptool D/DMG: Received Command Response Data, Endpoint=0 Cluster=0x0000_003E Command=0x0000_0003
2022-04-14 14:15:24.513 17463-17476/com.google.chip.chiptool D/CTL: Received certificate chain from the device
2022-04-14 14:15:24.513 17463-17476/com.google.chip.chiptool D/CTL: Successfully finished commissioning step 'SendPAICertificateRequest'
2022-04-14 14:15:24.513 17463-17476/com.google.chip.chiptool D/CTL: Commissioning stage next step: 'SendPAICertificateRequest' -> 'SendDACCertificateRequest'
2022-04-14 14:15:24.513 17463-17476/com.google.chip.chiptool D/CTL: Performing next commissioning step 'SendDACCertificateRequest'
2022-04-14 14:15:24.513 17463-17476/com.google.chip.chiptool D/CTL: Sending request for DAC certificate
2022-04-14 14:15:24.513 17463-17476/com.google.chip.chiptool D/CTL: Sending Certificate Chain request to 0x6fa56f9d10 device
2022-04-14 14:15:24.513 17463-17476/com.google.chip.chiptool D/DMG: ICR moving to [AddingComm]
2022-04-14 14:15:24.513 17463-17476/com.google.chip.chiptool D/DMG: ICR moving to [AddedComma]
2022-04-14 14:15:24.513 17463-17476/com.google.chip.chiptool D/IN: Prepared secure message 0x6f974fe330 to 0x0000000000000001 (1)  of type 0x8 and protocolId (0, 1) on exchange 51083i with MessageCounter:1188691.
2022-04-14 14:15:24.514 17463-17476/com.google.chip.chiptool D/IN: Sending encrypted msg 0x6f974fe330 with MessageCounter:1188691 to 0x0000000000000001 (1) at monotonic time: 0000000000865C05 msec
2022-04-14 14:15:24.514 17463-17476/com.google.chip.chiptool D/DL: Received SendWriteRequest
2022-04-14 14:15:24.517 17463-17476/com.google.chip.chiptool D/DMG: ICR moving to [CommandSen]
2022-04-14 14:15:24.517 17463-17476/com.google.chip.chiptool D/DMG: ICR moving to [AwaitingDe]
2022-04-14 14:15:24.604 17463-17476/com.google.chip.chiptool D/chip.BluetoothManager: MatterLock.onCharacteristicWrite: 18ee2ef5-263d-4559-959f-4f9c429f9d11 -> 0
2022-04-14 14:15:24.877 17463-17476/com.google.chip.chiptool D/chip.BluetoothManager: MatterLock.onCharacteristicChanged: 18ee2ef5-263d-4559-959f-4f9c429f9d12
2022-04-14 14:15:25.145 17463-17476/com.google.chip.chiptool D/chip.BluetoothManager: MatterLock.onCharacteristicChanged: 18ee2ef5-263d-4559-959f-4f9c429f9d12
2022-04-14 14:15:25.324 17463-17476/com.google.chip.chiptool D/chip.BluetoothManager: MatterLock.onCharacteristicChanged: 18ee2ef5-263d-4559-959f-4f9c429f9d12
2022-04-14 14:15:25.324 17463-17476/com.google.chip.chiptool D/EM: Received message of type 0x9 with protocolId (0, 1) and MessageCounter:393514 on exchange 51083i
2022-04-14 14:15:25.324 17463-17476/com.google.chip.chiptool D/EM: Found matching exchange: 51083i, Delegate: 0x6fad01ce80
2022-04-14 14:15:25.325 17463-17476/com.google.chip.chiptool D/DMG: ICR moving to [ResponseRe]
2022-04-14 14:15:25.325 17463-17476/com.google.chip.chiptool D/DMG: Received Command Response Data, Endpoint=0 Cluster=0x0000_003E Command=0x0000_0003
2022-04-14 14:15:25.325 17463-17476/com.google.chip.chiptool D/CTL: Received certificate chain from the device
2022-04-14 14:15:25.325 17463-17476/com.google.chip.chiptool D/CTL: Successfully finished commissioning step 'SendDACCertificateRequest'
2022-04-14 14:15:25.325 17463-17476/com.google.chip.chiptool D/CTL: Commissioning stage next step: 'SendDACCertificateRequest' -> 'SendAttestationRequest'
2022-04-14 14:15:25.325 17463-17476/com.google.chip.chiptool D/CTL: Performing next commissioning step 'SendAttestationRequest'
2022-04-14 14:15:25.325 17463-17476/com.google.chip.chiptool D/CTL: Sending Attestation Request to the device.
2022-04-14 14:15:25.325 17463-17476/com.google.chip.chiptool D/CTL: Sending Attestation request to 0x6fa56f9d10 device
2022-04-14 14:15:25.325 17463-17476/com.google.chip.chiptool D/DMG: ICR moving to [AddingComm]
2022-04-14 14:15:25.325 17463-17476/com.google.chip.chiptool D/DMG: ICR moving to [AddedComma]
2022-04-14 14:15:25.325 17463-17476/com.google.chip.chiptool D/IN: Prepared secure message 0x6f974fe300 to 0x0000000000000001 (1)  of type 0x8 and protocolId (0, 1) on exchange 51084i with MessageCounter:1188692.
2022-04-14 14:15:25.325 17463-17476/com.google.chip.chiptool D/IN: Sending encrypted msg 0x6f974fe300 with MessageCounter:1188692 to 0x0000000000000001 (1) at monotonic time: 0000000000865F31 msec
2022-04-14 14:15:25.325 17463-17476/com.google.chip.chiptool D/DL: Received SendWriteRequest
2022-04-14 14:15:25.327 17463-17476/com.google.chip.chiptool D/DMG: ICR moving to [CommandSen]
2022-04-14 14:15:25.327 17463-17476/com.google.chip.chiptool D/CTL: Sent Attestation request, waiting for the Attestation Information
2022-04-14 14:15:25.327 17463-17476/com.google.chip.chiptool D/DMG: ICR moving to [AwaitingDe]
2022-04-14 14:15:25.504 17463-17476/com.google.chip.chiptool D/chip.BluetoothManager: MatterLock.onCharacteristicWrite: 18ee2ef5-263d-4559-959f-4f9c429f9d11 -> 0
2022-04-14 14:15:25.776 17463-17476/com.google.chip.chiptool D/chip.BluetoothManager: MatterLock.onCharacteristicChanged: 18ee2ef5-263d-4559-959f-4f9c429f9d12
2022-04-14 14:15:26.044 17463-17476/com.google.chip.chiptool D/chip.BluetoothManager: MatterLock.onCharacteristicChanged: 18ee2ef5-263d-4559-959f-4f9c429f9d12
2022-04-14 14:15:26.317 17463-17476/com.google.chip.chiptool D/chip.BluetoothManager: MatterLock.onCharacteristicChanged: 18ee2ef5-263d-4559-959f-4f9c429f9d12
2022-04-14 14:15:26.319 17463-17476/com.google.chip.chiptool D/EM: Received message of type 0x9 with protocolId (0, 1) and MessageCounter:393515 on exchange 51084i
2022-04-14 14:15:26.319 17463-17476/com.google.chip.chiptool D/EM: Found matching exchange: 51084i, Delegate: 0x6fad019280
2022-04-14 14:15:26.319 17463-17476/com.google.chip.chiptool D/DMG: ICR moving to [ResponseRe]
2022-04-14 14:15:26.319 17463-17476/com.google.chip.chiptool D/DMG: Received Command Response Data, Endpoint=0 Cluster=0x0000_003E Command=0x0000_0001
2022-04-14 14:15:26.319 17463-17476/com.google.chip.chiptool D/CTL: Received Attestation Information from the device
2022-04-14 14:15:26.320 17463-17476/com.google.chip.chiptool D/CTL: Successfully finished commissioning step 'SendAttestationRequest'
2022-04-14 14:15:26.320 17463-17476/com.google.chip.chiptool D/CTL: Commissioning stage next step: 'SendAttestationRequest' -> 'AttestationVerification'
2022-04-14 14:15:26.320 17463-17476/com.google.chip.chiptool D/CTL: Performing next commissioning step 'AttestationVerification'
2022-04-14 14:15:26.320 17463-17476/com.google.chip.chiptool D/CTL: Verifying attestation
2022-04-14 14:15:26.389 17463-17476/com.google.chip.chiptool E/CR: mbedTLS error: ERROR - Generic error
2022-04-14 14:15:26.503 17463-17476/com.google.chip.chiptool D/CTL: Successfully validated 'Attestation Information' command received from the device.
2022-04-14 14:15:26.503 17463-17476/com.google.chip.chiptool D/CTL: Successfully finished commissioning step 'AttestationVerification'
2022-04-14 14:15:26.503 17463-17476/com.google.chip.chiptool D/CTL: Commissioning stage next step: 'AttestationVerification' -> 'SendOpCertSigningRequest'
2022-04-14 14:15:26.503 17463-17476/com.google.chip.chiptool D/CTL: Performing next commissioning step 'SendOpCertSigningRequest'
2022-04-14 14:15:26.503 17463-17476/com.google.chip.chiptool D/CTL: Sending CSR request to 0x6fa56f9d10 device
2022-04-14 14:15:26.503 17463-17476/com.google.chip.chiptool D/DMG: ICR moving to [AddingComm]
2022-04-14 14:15:26.503 17463-17476/com.google.chip.chiptool D/DMG: ICR moving to [AddedComma]
2022-04-14 14:15:26.503 17463-17476/com.google.chip.chiptool D/IN: Prepared secure message 0x6f974fb730 to 0x0000000000000001 (1)  of type 0x8 and protocolId (0, 1) on exchange 51085i with MessageCounter:1188693.
2022-04-14 14:15:26.503 17463-17476/com.google.chip.chiptool D/IN: Sending encrypted msg 0x6f974fb730 with MessageCounter:1188693 to 0x0000000000000001 (1) at monotonic time: 00000000008663CB msec
2022-04-14 14:15:26.503 17463-17476/com.google.chip.chiptool D/DL: Received SendWriteRequest
2022-04-14 14:15:26.506 17463-17476/com.google.chip.chiptool D/DMG: ICR moving to [CommandSen]
2022-04-14 14:15:26.507 17463-17476/com.google.chip.chiptool D/CTL: Sent CSR request, waiting for the CSR
2022-04-14 14:15:26.507 17463-17476/com.google.chip.chiptool D/DMG: ICR moving to [AwaitingDe]
2022-04-14 14:15:26.629 17463-17476/com.google.chip.chiptool D/chip.BluetoothManager: MatterLock.onCharacteristicWrite: 18ee2ef5-263d-4559-959f-4f9c429f9d11 -> 0
2022-04-14 14:15:27.262 17463-17476/com.google.chip.chiptool D/chip.BluetoothManager: MatterLock.onCharacteristicChanged: 18ee2ef5-263d-4559-959f-4f9c429f9d12
2022-04-14 14:15:27.442 17463-17476/com.google.chip.chiptool D/chip.BluetoothManager: MatterLock.onCharacteristicChanged: 18ee2ef5-263d-4559-959f-4f9c429f9d12
2022-04-14 14:15:27.443 17463-17476/com.google.chip.chiptool D/EM: Received message of type 0x9 with protocolId (0, 1) and MessageCounter:393516 on exchange 51085i
2022-04-14 14:15:27.443 17463-17476/com.google.chip.chiptool D/EM: Found matching exchange: 51085i, Delegate: 0x6fad01ce80
2022-04-14 14:15:27.444 17463-17476/com.google.chip.chiptool D/DMG: ICR moving to [ResponseRe]
2022-04-14 14:15:27.444 17463-17476/com.google.chip.chiptool D/DMG: Received Command Response Data, Endpoint=0 Cluster=0x0000_003E Command=0x0000_0005
2022-04-14 14:15:27.444 17463-17476/com.google.chip.chiptool D/CTL: Received certificate signing request from the device
2022-04-14 14:15:27.444 17463-17476/com.google.chip.chiptool D/CTL: Successfully finished commissioning step 'SendOpCertSigningRequest'
2022-04-14 14:15:27.444 17463-17476/com.google.chip.chiptool D/CTL: Commissioning stage next step: 'SendOpCertSigningRequest' -> 'ValidateCSR'
2022-04-14 14:15:27.444 17463-17476/com.google.chip.chiptool D/CTL: Performing next commissioning step 'ValidateCSR'
2022-04-14 14:15:27.512 17463-17476/com.google.chip.chiptool D/CTL: Successfully finished commissioning step 'ValidateCSR'
2022-04-14 14:15:27.512 17463-17476/com.google.chip.chiptool D/CTL: Commissioning stage next step: 'ValidateCSR' -> 'GenerateNOCChain'
2022-04-14 14:15:27.512 17463-17476/com.google.chip.chiptool D/CTL: Performing next commissioning step 'GenerateNOCChain'
2022-04-14 14:15:27.512 17463-17476/com.google.chip.chiptool D/CTL: Getting certificate chain for the device from the issuer
2022-04-14 14:15:27.565 17463-17476/com.google.chip.chiptool D/TOO: VerifyCertificateSigningRequest
2022-04-14 14:15:27.565 17463-17476/com.google.chip.chiptool D/TOO: KVS: Getting key AndroidCARootCert1
2022-04-14 14:15:27.565 17463-17476/com.google.chip.chiptool D/CTL: Generating NOC
2022-04-14 14:15:27.585 17463-17476/com.google.chip.chiptool D/CTL: Received callback from the CA for NOC Chain generation. Status ../../src/controller/java/AndroidOperationalCredentialsIssuer.cpp:202: Success
2022-04-14 14:15:27.585 17463-17476/com.google.chip.chiptool D/CTL: Successfully finished commissioning step 'GenerateNOCChain'
2022-04-14 14:15:27.585 17463-17476/com.google.chip.chiptool D/CTL: Performing next commissioning step 'SendTrustedRootCert'
2022-04-14 14:15:27.585 17463-17476/com.google.chip.chiptool D/CTL: Sending root certificate to the device
2022-04-14 14:15:27.585 17463-17476/com.google.chip.chiptool D/DMG: ICR moving to [AddingComm]
2022-04-14 14:15:27.585 17463-17476/com.google.chip.chiptool D/DMG: ICR moving to [AddedComma]
2022-04-14 14:15:27.586 17463-17476/com.google.chip.chiptool D/IN: Prepared secure message 0x6f974f9320 to 0x0000000000000001 (1)  of type 0x8 and protocolId (0, 1) on exchange 51086i with MessageCounter:1188694.
2022-04-14 14:15:27.586 17463-17476/com.google.chip.chiptool D/IN: Sending encrypted msg 0x6f974f9320 with MessageCounter:1188694 to 0x0000000000000001 (1) at monotonic time: 0000000000866805 msec
2022-04-14 14:15:27.586 17463-17476/com.google.chip.chiptool D/DL: Received SendWriteRequest
2022-04-14 14:15:27.588 17463-17476/com.google.chip.chiptool D/DMG: ICR moving to [CommandSen]
2022-04-14 14:15:27.588 17463-17476/com.google.chip.chiptool D/CTL: Sent root certificate to the device
2022-04-14 14:15:27.589 17463-17476/com.google.chip.chiptool D/DeviceProvisioningFragment: 000p010
    U
    CSR0Y0*H=*H=BkLe$'Qs$wsgqH_	L3Db&h5)0*H=H0E o(m	!>(tJR4 W#	+0qkCu0 >Lup?edgrc#
    7i1uF
2022-04-14 14:15:27.589 17463-17476/com.google.chip.chiptool D/DMG: ICR moving to [AwaitingDe]
2022-04-14 14:15:27.800 17463-17476/com.google.chip.chiptool D/chip.BluetoothManager: MatterLock.onCharacteristicWrite: 18ee2ef5-263d-4559-959f-4f9c429f9d11 -> 0
2022-04-14 14:15:27.801 17463-17476/com.google.chip.chiptool D/DL: Received SendWriteRequest
2022-04-14 14:15:27.935 17463-17476/com.google.chip.chiptool D/chip.BluetoothManager: MatterLock.onCharacteristicWrite: 18ee2ef5-263d-4559-959f-4f9c429f9d11 -> 0
2022-04-14 14:15:28.025 17463-17476/com.google.chip.chiptool D/chip.BluetoothManager: MatterLock.onCharacteristicChanged: 18ee2ef5-263d-4559-959f-4f9c429f9d12
2022-04-14 14:15:28.027 17463-17476/com.google.chip.chiptool D/EM: Received message of type 0x9 with protocolId (0, 1) and MessageCounter:393517 on exchange 51086i
2022-04-14 14:15:28.027 17463-17476/com.google.chip.chiptool D/EM: Found matching exchange: 51086i, Delegate: 0x6fad019280
2022-04-14 14:15:28.027 17463-17476/com.google.chip.chiptool D/DMG: ICR moving to [ResponseRe]
2022-04-14 14:15:28.028 17463-17476/com.google.chip.chiptool D/DMG: Received Command Response Status for Endpoint=0 Cluster=0x0000_003E Command=0x0000_000B Status=0x0
2022-04-14 14:15:28.028 17463-17476/com.google.chip.chiptool D/CTL: Device confirmed that it has received the root certificate
2022-04-14 14:15:28.028 17463-17476/com.google.chip.chiptool D/CTL: Successfully finished commissioning step 'SendTrustedRootCert'
2022-04-14 14:15:28.028 17463-17476/com.google.chip.chiptool D/CTL: Commissioning stage next step: 'SendTrustedRootCert' -> 'SendNOC'
2022-04-14 14:15:28.028 17463-17476/com.google.chip.chiptool D/CTL: Performing next commissioning step 'SendNOC'
2022-04-14 14:15:28.028 17463-17476/com.google.chip.chiptool D/DMG: ICR moving to [AddingComm]
2022-04-14 14:15:28.028 17463-17476/com.google.chip.chiptool D/DMG: ICR moving to [AddedComma]
2022-04-14 14:15:28.029 17463-17476/com.google.chip.chiptool D/IN: Prepared secure message 0x6f974fe410 to 0x0000000000000001 (1)  of type 0x8 and protocolId (0, 1) on exchange 51087i with MessageCounter:1188695.
2022-04-14 14:15:28.029 17463-17476/com.google.chip.chiptool D/IN: Sending encrypted msg 0x6f974fe410 with MessageCounter:1188695 to 0x0000000000000001 (1) at monotonic time: 00000000008669C1 msec
2022-04-14 14:15:28.030 17463-17476/com.google.chip.chiptool D/DL: Received SendWriteRequest
2022-04-14 14:15:28.034 17463-17476/com.google.chip.chiptool D/DMG: ICR moving to [CommandSen]
2022-04-14 14:15:28.035 17463-17476/com.google.chip.chiptool D/CTL: Sent operational certificate to the device
2022-04-14 14:15:28.037 17463-17476/com.google.chip.chiptool D/DMG: ICR moving to [AwaitingDe]
2022-04-14 14:15:28.250 17463-17476/com.google.chip.chiptool D/chip.BluetoothManager: MatterLock.onCharacteristicWrite: 18ee2ef5-263d-4559-959f-4f9c429f9d11 -> 0
2022-04-14 14:15:28.251 17463-17476/com.google.chip.chiptool D/DL: Received SendWriteRequest
2022-04-14 14:15:28.385 17463-17476/com.google.chip.chiptool D/chip.BluetoothManager: MatterLock.onCharacteristicWrite: 18ee2ef5-263d-4559-959f-4f9c429f9d11 -> 0
2022-04-14 14:15:29.060 17463-17476/com.google.chip.chiptool D/chip.BluetoothManager: MatterLock.onCharacteristicChanged: 18ee2ef5-263d-4559-959f-4f9c429f9d12
2022-04-14 14:15:29.062 17463-17476/com.google.chip.chiptool D/EM: Received message of type 0x9 with protocolId (0, 1) and MessageCounter:393518 on exchange 51087i
2022-04-14 14:15:29.062 17463-17476/com.google.chip.chiptool D/EM: Found matching exchange: 51087i, Delegate: 0x6fad01ce80
2022-04-14 14:15:29.062 17463-17476/com.google.chip.chiptool D/DMG: ICR moving to [ResponseRe]
2022-04-14 14:15:29.063 17463-17476/com.google.chip.chiptool D/DMG: Received Command Response Data, Endpoint=0 Cluster=0x0000_003E Command=0x0000_0008
2022-04-14 14:15:29.063 17463-17476/com.google.chip.chiptool D/CTL: Device returned status 0 on receiving the NOC
2022-04-14 14:15:29.063 17463-17476/com.google.chip.chiptool D/CTL: Operational credentials provisioned on device 0x6fa56f9d10
2022-04-14 14:15:29.063 17463-17476/com.google.chip.chiptool D/DeviceProvisioningFragment: Pairing status update: 0
2022-04-14 14:15:29.064 17463-17476/com.google.chip.chiptool D/CTL: Successfully finished commissioning step 'SendNOC'
2022-04-14 14:15:29.064 17463-17476/com.google.chip.chiptool D/CTL: Commissioning stage next step: 'SendNOC' -> 'ThreadNetworkSetup'
2022-04-14 14:15:29.064 17463-17476/com.google.chip.chiptool D/CTL: Performing next commissioning step 'ThreadNetworkSetup'
2022-04-14 14:15:29.064 17463-17476/com.google.chip.chiptool D/DMG: ICR moving to [AddingComm]
2022-04-14 14:15:29.064 17463-17476/com.google.chip.chiptool D/DMG: ICR moving to [AddedComma]
2022-04-14 14:15:29.065 17463-17476/com.google.chip.chiptool D/IN: Prepared secure message 0x6f974fe290 to 0x0000000000000001 (1)  of type 0x8 and protocolId (0, 1) on exchange 51088i with MessageCounter:1188696.
2022-04-14 14:15:29.065 17463-17476/com.google.chip.chiptool D/IN: Sending encrypted msg 0x6f974fe290 with MessageCounter:1188696 to 0x0000000000000001 (1) at monotonic time: 0000000000866DCD msec
2022-04-14 14:15:29.065 17463-17476/com.google.chip.chiptool D/DL: Received SendWriteRequest
2022-04-14 14:15:29.069 17463-17476/com.google.chip.chiptool D/DMG: ICR moving to [CommandSen]
2022-04-14 14:15:29.070 17463-17476/com.google.chip.chiptool D/DMG: ICR moving to [AwaitingDe]
2022-04-14 14:15:29.196 17463-17476/com.google.chip.chiptool D/chip.BluetoothManager: MatterLock.onCharacteristicWrite: 18ee2ef5-263d-4559-959f-4f9c429f9d11 -> 0
2022-04-14 14:15:29.331 17463-17476/com.google.chip.chiptool D/chip.BluetoothManager: MatterLock.onCharacteristicChanged: 18ee2ef5-263d-4559-959f-4f9c429f9d12
2022-04-14 14:15:29.332 17463-17476/com.google.chip.chiptool D/EM: Received message of type 0x9 with protocolId (0, 1) and MessageCounter:393519 on exchange 51088i
2022-04-14 14:15:29.333 17463-17476/com.google.chip.chiptool D/EM: Found matching exchange: 51088i, Delegate: 0x6fad019280
2022-04-14 14:15:29.333 17463-17476/com.google.chip.chiptool D/DMG: ICR moving to [ResponseRe]
2022-04-14 14:15:29.333 17463-17476/com.google.chip.chiptool D/DMG: Received Command Response Data, Endpoint=0 Cluster=0x0000_0031 Command=0x0000_0005
2022-04-14 14:15:29.333 17463-17476/com.google.chip.chiptool D/CTL: Received NetworkConfig response
2022-04-14 14:15:29.333 17463-17476/com.google.chip.chiptool D/CTL: Successfully finished commissioning step 'ThreadNetworkSetup'
2022-04-14 14:15:29.334 17463-17476/com.google.chip.chiptool D/CTL: Commissioning stage next step: 'ThreadNetworkSetup' -> 'ThreadNetworkEnable'
2022-04-14 14:15:29.334 17463-17476/com.google.chip.chiptool D/CTL: Performing next commissioning step 'ThreadNetworkEnable'
2022-04-14 14:15:29.334 17463-17476/com.google.chip.chiptool D/DMG: ICR moving to [AddingComm]
2022-04-14 14:15:29.334 17463-17476/com.google.chip.chiptool D/DMG: ICR moving to [AddedComma]
2022-04-14 14:15:29.335 17463-17476/com.google.chip.chiptool D/IN: Prepared secure message 0x6f974fe460 to 0x0000000000000001 (1)  of type 0x8 and protocolId (0, 1) on exchange 51089i with MessageCounter:1188697.
2022-04-14 14:15:29.335 17463-17476/com.google.chip.chiptool D/IN: Sending encrypted msg 0x6f974fe460 with MessageCounter:1188697 to 0x0000000000000001 (1) at monotonic time: 0000000000866EDA msec
2022-04-14 14:15:29.335 17463-17476/com.google.chip.chiptool D/DL: Received SendWriteRequest
2022-04-14 14:15:29.340 17463-17476/com.google.chip.chiptool D/DMG: ICR moving to [CommandSen]
2022-04-14 14:15:29.340 17463-17476/com.google.chip.chiptool D/DMG: ICR moving to [AwaitingDe]
2022-04-14 14:15:29.461 17463-17476/com.google.chip.chiptool D/chip.BluetoothManager: MatterLock.onCharacteristicWrite: 18ee2ef5-263d-4559-959f-4f9c429f9d11 -> 0
2022-04-14 14:15:31.131 17463-17476/com.google.chip.chiptool D/chip.BluetoothManager: MatterLock.onCharacteristicChanged: 18ee2ef5-263d-4559-959f-4f9c429f9d12
2022-04-14 14:15:31.132 17463-17476/com.google.chip.chiptool D/EM: Received message of type 0x9 with protocolId (0, 1) and MessageCounter:393520 on exchange 51089i
2022-04-14 14:15:31.133 17463-17476/com.google.chip.chiptool D/EM: Found matching exchange: 51089i, Delegate: 0x6fad01ce80
2022-04-14 14:15:31.133 17463-17476/com.google.chip.chiptool D/DMG: ICR moving to [ResponseRe]
2022-04-14 14:15:31.133 17463-17476/com.google.chip.chiptool D/DMG: Received Command Response Data, Endpoint=0 Cluster=0x0000_0031 Command=0x0000_0007
2022-04-14 14:15:31.133 17463-17476/com.google.chip.chiptool D/CTL: Received ConnectNetwork response
2022-04-14 14:15:31.133 17463-17476/com.google.chip.chiptool D/CTL: Successfully finished commissioning step 'ThreadNetworkEnable'
2022-04-14 14:15:31.133 17463-17476/com.google.chip.chiptool D/CTL: Commissioning stage next step: 'ThreadNetworkEnable' -> 'FindOperational'
2022-04-14 14:15:31.134 17463-17476/com.google.chip.chiptool D/CTL: Performing next commissioning step 'FindOperational'
2022-04-14 14:15:31.134 17463-17476/com.google.chip.chiptool D/CSM: FindOrEstablishSession: PeerId = 9505F55F7BE132C1:0000000000000001
2022-04-14 14:15:31.134 17463-17476/com.google.chip.chiptool D/CSM: FindOrEstablishSession: No existing session found
2022-04-14 14:15:31.134 17463-17476/com.google.chip.chiptool D/DIS: Resolving 9505F55F7BE132C1:0000000000000001 ...
2022-04-14 14:15:31.149 17463-17476/com.google.chip.chiptool D/NsdManagerServiceResolver: Starting service resolution for '9505F55F7BE132C1-0000000000000001'
2022-04-14 14:15:31.153 17463-17476/com.google.chip.chiptool D/DIS: Operational node lookup already in progress. Will NOT start a new one.
2022-04-14 14:15:31.154 17463-17476/com.google.chip.chiptool D/DMG: ICR moving to [AwaitingDe]
2022-04-14 14:15:31.336 17463-17655/com.google.chip.chiptool D/DIS: Checking node lookup status after 202 ms
2022-04-14 14:15:32.510 17463-17652/com.google.chip.chiptool I/NsdManagerServiceResolver: Resolved service '9505F55F7BE132C1-0000000000000001' to /fd11:22::c79:a8bb:3cf0:9895
2022-04-14 14:15:32.511 17463-17652/com.google.chip.chiptool D/DIS: Node ID resolved for 9505F55F7BE132C1:0000000000000001
2022-04-14 14:15:32.511 17463-17652/com.google.chip.chiptool D/DIS:     Addr 0: [fd11:22::c79:a8bb:3cf0:9895]:5540
2022-04-14 14:15:32.513 17463-17652/com.google.chip.chiptool D/DIS: Lookup clearing interface for non LL address
2022-04-14 14:15:32.513 17463-17652/com.google.chip.chiptool D/DIS: UDP:[fd11:22::c79:a8bb:3cf0:9895]:5540: new best score: 4
2022-04-14 14:15:32.513 17463-17652/com.google.chip.chiptool D/DIS: Checking node lookup status after 1378 ms
2022-04-14 14:15:32.513 17463-17652/com.google.chip.chiptool D/CTL: Updating device address to UDP:[fd11:22::c79:a8bb:3cf0:9895]:5540 while in state 1
2022-04-14 14:15:32.513 17463-17652/com.google.chip.chiptool D/CTL: OperationalDeviceProxy[9505F55F7BE132C1:0000000000000001]: State change 1 --> 2
2022-04-14 14:15:32.513 17463-17652/com.google.chip.chiptool D/SC: Establishing CASE session to UDP:[fd11:22::c79:a8bb:3cf0:9895]:5540
2022-04-14 14:15:32.540 17463-17652/com.google.chip.chiptool D/TOO: KVS: Getting key f/1/g
2022-04-14 14:15:32.540 17463-17652/com.google.chip.chiptool D/TOO: KVS: Getting key f/1/k/0
2022-04-14 14:15:32.541 17463-17652/com.google.chip.chiptool D/SC: RecoverInitiatorIpk: GroupDataProvider 0x6fa752b720, Got IPK for FabricIndex 1
2022-04-14 14:15:32.541 17463-17652/com.google.chip.chiptool D/SC: 0xe4, 0x2e, 0x29, 0xda, 0x4a, 0xa3, 0x23, 0x2c, 
2022-04-14 14:15:32.541 17463-17652/com.google.chip.chiptool D/SC: 0x7c, 0x4f, 0x71, 0xa7, 0x77, 0xb2, 0x64, 0x43, 
2022-04-14 14:15:32.541 17463-17652/com.google.chip.chiptool D/SC: Including MRP parameters
2022-04-14 14:15:32.542 17463-17652/com.google.chip.chiptool D/IN: Prepared unauthenticated message 0x6fa56be068 to 0x0000000000000000 (0)  of type 0x30 and protocolId (0, 0) on exchange 51090i with MessageCounter:958080562.
2022-04-14 14:15:32.542 17463-17652/com.google.chip.chiptool D/IN: Sending unauthenticated msg 0x6fa56be068 with MessageCounter:958080562 to 0x0000000000000000 at monotonic time: 0000000000867B61 msec
2022-04-14 14:15:32.542 17463-17652/com.google.chip.chiptool D/DIS: Discovery does not require any more timeouts
2022-04-14 14:15:33.633 17463-17655/com.google.chip.chiptool D/DL: Received SendWriteRequest
2022-04-14 14:15:33.741 17463-17476/com.google.chip.chiptool D/chip.BluetoothManager: MatterLock.onCharacteristicWrite: 18ee2ef5-263d-4559-959f-4f9c429f9d11 -> 0
2022-04-14 14:15:36.216 17463-17476/com.google.chip.chiptool D/chip.BluetoothManager: MatterLock.onCharacteristicChanged: 18ee2ef5-263d-4559-959f-4f9c429f9d12
2022-04-14 14:15:38.718 17463-17655/com.google.chip.chiptool D/DL: Received SendWriteRequest
2022-04-14 14:15:38.826 17463-17476/com.google.chip.chiptool D/chip.BluetoothManager: MatterLock.onCharacteristicWrite: 18ee2ef5-263d-4559-959f-4f9c429f9d11 -> 0
2022-04-14 14:15:41.300 17463-17476/com.google.chip.chiptool D/chip.BluetoothManager: MatterLock.onCharacteristicChanged: 18ee2ef5-263d-4559-959f-4f9c429f9d12
2022-04-14 14:15:43.802 17463-17655/com.google.chip.chiptool D/DL: Received SendWriteRequest
2022-04-14 14:15:43.866 17463-17476/com.google.chip.chiptool D/chip.BluetoothManager: MatterLock.onCharacteristicWrite: 18ee2ef5-263d-4559-959f-4f9c429f9d11 -> 0
2022-04-14 14:15:46.340 17463-17476/com.google.chip.chiptool D/chip.BluetoothManager: MatterLock.onCharacteristicChanged: 18ee2ef5-263d-4559-959f-4f9c429f9d12
2022-04-14 14:15:48.842 17463-17655/com.google.chip.chiptool D/DL: Received SendWriteRequest
2022-04-14 14:15:48.905 17463-17476/com.google.chip.chiptool D/chip.BluetoothManager: MatterLock.onCharacteristicWrite: 18ee2ef5-263d-4559-959f-4f9c429f9d11 -> 0
2022-04-14 14:15:51.380 17463-17476/com.google.chip.chiptool D/chip.BluetoothManager: MatterLock.onCharacteristicChanged: 18ee2ef5-263d-4559-959f-4f9c429f9d12
2022-04-14 14:15:53.882 17463-17655/com.google.chip.chiptool D/DL: Received SendWriteRequest
2022-04-14 14:15:53.945 17463-17476/com.google.chip.chiptool D/chip.BluetoothManager: MatterLock.onCharacteristicWrite: 18ee2ef5-263d-4559-959f-4f9c429f9d11 -> 0
2022-04-14 14:15:56.422 17463-17476/com.google.chip.chiptool D/chip.BluetoothManager: MatterLock.onCharacteristicChanged: 18ee2ef5-263d-4559-959f-4f9c429f9d12
2022-04-14 14:15:58.924 17463-17655/com.google.chip.chiptool D/DL: Received SendWriteRequest
2022-04-14 14:15:58.985 17463-17476/com.google.chip.chiptool D/chip.BluetoothManager: MatterLock.onCharacteristicWrite: 18ee2ef5-263d-4559-959f-4f9c429f9d11 -> 0
2022-04-14 14:16:01.457 17463-17476/com.google.chip.chiptool D/chip.BluetoothManager: MatterLock.onCharacteristicChanged: 18ee2ef5-263d-4559-959f-4f9c429f9d12
2022-04-14 14:16:03.960 17463-17655/com.google.chip.chiptool D/DL: Received SendWriteRequest
2022-04-14 14:16:04.025 17463-17476/com.google.chip.chiptool D/chip.BluetoothManager: MatterLock.onCharacteristicWrite: 18ee2ef5-263d-4559-959f-4f9c429f9d11 -> 0
2022-04-14 14:16:06.501 17463-17476/com.google.chip.chiptool D/chip.BluetoothManager: MatterLock.onCharacteristicChanged: 18ee2ef5-263d-4559-959f-4f9c429f9d12
2022-04-14 14:16:09.002 17463-17655/com.google.chip.chiptool D/DL: Received SendWriteRequest
2022-04-14 14:16:09.066 17463-17476/com.google.chip.chiptool D/chip.BluetoothManager: MatterLock.onCharacteristicWrite: 18ee2ef5-263d-4559-959f-4f9c429f9d11 -> 0
2022-04-14 14:16:11.540 17463-17476/com.google.chip.chiptool D/chip.BluetoothManager: MatterLock.onCharacteristicChanged: 18ee2ef5-263d-4559-959f-4f9c429f9d12
2022-04-14 14:16:14.042 17463-17655/com.google.chip.chiptool D/DL: Received SendWriteRequest
2022-04-14 14:16:14.104 17463-17476/com.google.chip.chiptool D/chip.BluetoothManager: MatterLock.onCharacteristicWrite: 18ee2ef5-263d-4559-959f-4f9c429f9d11 -> 0
2022-04-14 14:16:16.580 17463-17476/com.google.chip.chiptool D/chip.BluetoothManager: MatterLock.onCharacteristicChanged: 18ee2ef5-263d-4559-959f-4f9c429f9d12
2022-04-14 14:16:19.084 17463-17655/com.google.chip.chiptool D/DL: Received SendWriteRequest
2022-04-14 14:16:19.189 17463-17476/com.google.chip.chiptool D/chip.BluetoothManager: MatterLock.onCharacteristicWrite: 18ee2ef5-263d-4559-959f-4f9c429f9d11 -> 0
2022-04-14 14:16:21.666 17463-17476/com.google.chip.chiptool D/chip.BluetoothManager: MatterLock.onCharacteristicChanged: 18ee2ef5-263d-4559-959f-4f9c429f9d12
2022-04-14 14:16:23.240 17463-17476/com.google.chip.chiptool D/BluetoothGatt: onClientConnectionState() - status=19 clientIf=6 device=C2:E0:18:0E:E2:02
2022-04-14 14:16:23.246 17463-17476/com.google.chip.chiptool I/chip.BluetoothManager: MatterLock.onConnectionStateChange status = 19, newState=0
2022-04-14 14:16:23.246 17463-17476/com.google.chip.chiptool D/AndroidBleManager: onConnectionStateChange Disconnected
2022-04-14 14:16:23.247 17463-17476/com.google.chip.chiptool D/IN: Clearing BLE pending packets.
2022-04-14 14:18:27.326 2893-2893/? D/[HwRecSys]DataServiceController: MyHander SEND_EVENT:Bundle[{time=2022-04-14 14:18:27, eventItem=hardware_keys, eventOperator=sysScreenShot, parameter=com.google.chip.chiptool.CHIPToolActivity}]
2022-04-14 14:18:27.446 17463-17463/com.google.chip.chiptool W/IInputConnectionWrapper: beginBatchEdit on inactive InputConnection
2022-04-14 14:18:27.626 17463-17463/com.google.chip.chiptool W/IInputConnectionWrapper: beginBatchEdit on inactive InputConnection
2022-04-14 14:18:27.632 17463-17463/com.google.chip.chiptool W/IInputConnectionWrapper: endBatchEdit on inactive InputConnection
2022-04-14 14:18:27.728 17463-17463/com.google.chip.chiptool W/IInputConnectionWrapper: beginBatchEdit on inactive InputConnection
2022-04-14 14:18:27.729 17463-17463/com.google.chip.chiptool W/IInputConnectionWrapper: endBatchEdit on inactive InputConnection
2022-04-14 14:18:27.729 17463-17463/com.google.chip.chiptool W/IInputConnectionWrapper: beginBatchEdit on inactive InputConnection
2022-04-14 14:18:27.739 17463-17463/com.google.chip.chiptool W/IInputConnectionWrapper: endBatchEdit on inactive InputConnection
2022-04-14 14:18:27.739 17463-17463/com.google.chip.chiptool W/IInputConnectionWrapper: beginBatchEdit on inactive InputConnection
2022-04-14 14:18:27.740 17463-17463/com.google.chip.chiptool W/IInputConnectionWrapper: endBatchEdit on inactive InputConnection
2022-04-14 14:18:27.824 17463-17463/com.google.chip.chiptool W/IInputConnectionWrapper: beginBatchEdit on inactive InputConnection
2022-04-14 14:18:27.824 17463-17463/com.google.chip.chiptool W/IInputConnectionWrapper: endBatchEdit on inactive InputConnection
2022-04-14 14:18:27.829 17463-17463/com.google.chip.chiptool W/IInputConnectionWrapper: endBatchEdit on inactive InputConnection
2022-04-14 14:18:27.839 17463-17463/com.google.chip.chiptool W/IInputConnectionWrapper: beginBatchEdit on inactive InputConnection
2022-04-14 14:18:27.844 17463-17463/com.google.chip.chiptool W/IInputConnectionWrapper: beginBatchEdit on inactive InputConnection
2022-04-14 14:18:27.844 17463-17463/com.google.chip.chiptool W/IInputConnectionWrapper: endBatchEdit on inactive InputConnection
2022-04-14 14:18:27.844 17463-17463/com.google.chip.chiptool W/IInputConnectionWrapper: beginBatchEdit on inactive InputConnection
2022-04-14 14:18:27.844 17463-17463/com.google.chip.chiptool W/IInputConnectionWrapper: endBatchEdit on inactive InputConnection
2022-04-14 14:18:27.845 17463-17463/com.google.chip.chiptool W/IInputConnectionWrapper: beginBatchEdit on inactive InputConnection
2022-04-14 14:18:27.845 17463-17463/com.google.chip.chiptool W/IInputConnectionWrapper: endBatchEdit on inactive InputConnection
2022-04-14 14:18:27.845 17463-17463/com.google.chip.chiptool W/IInputConnectionWrapper: endBatchEdit on inactive InputConnection
2022-04-14 14:18:27.878 17463-17463/com.google.chip.chiptool W/IInputConnectionWrapper: beginBatchEdit on inactive InputConnection
2022-04-14 14:18:27.884 17463-17463/com.google.chip.chiptool W/IInputConnectionWrapper: beginBatchEdit on inactive InputConnection
2022-04-14 14:18:27.884 17463-17463/com.google.chip.chiptool W/IInputConnectionWrapper: endBatchEdit on inactive InputConnection
2022-04-14 14:18:27.884 17463-17463/com.google.chip.chiptool W/IInputConnectionWrapper: beginBatchEdit on inactive InputConnection
2022-04-14 14:18:27.884 17463-17463/com.google.chip.chiptool W/IInputConnectionWrapper: endBatchEdit on inactive InputConnection
2022-04-14 14:18:27.885 17463-17463/com.google.chip.chiptool W/IInputConnectionWrapper: beginBatchEdit on inactive InputConnection
2022-04-14 14:18:27.885 17463-17463/com.google.chip.chiptool W/IInputConnectionWrapper: endBatchEdit on inactive InputConnection
2022-04-14 14:18:27.885 17463-17463/com.google.chip.chiptool W/IInputConnectionWrapper: endBatchEdit on inactive InputConnection
2022-04-14 14:18:27.885 17463-17463/com.google.chip.chiptool W/IInputConnectionWrapper: beginBatchEdit on inactive InputConnection
2022-04-14 14:18:27.885 17463-17463/com.google.chip.chiptool W/IInputConnectionWrapper: endBatchEdit on inactive InputConnection
2022-04-14 14:18:27.889 17463-17463/com.google.chip.chiptool W/IInputConnectionWrapper: beginBatchEdit on inactive InputConnection
2022-04-14 14:18:27.889 17463-17463/com.google.chip.chiptool W/IInputConnectionWrapper: endBatchEdit on inactive InputConnection
2022-04-14 14:18:27.889 17463-17463/com.google.chip.chiptool W/IInputConnectionWrapper: beginBatchEdit on inactive InputConnection
2022-04-14 14:18:27.889 17463-17463/com.google.chip.chiptool W/IInputConnectionWrapper: endBatchEdit on inactive InputConnection
2022-04-14 14:18:27.890 17463-17463/com.google.chip.chiptool W/IInputConnectionWrapper: beginBatchEdit on inactive InputConnection
2022-04-14 14:18:27.890 17463-17463/com.google.chip.chiptool W/IInputConnectionWrapper: endBatchEdit on inactive InputConnection
2022-04-14 14:18:27.909 17463-17463/com.google.chip.chiptool W/IInputConnectionWrapper: beginBatchEdit on inactive InputConnection
2022-04-14 14:18:27.910 17463-17463/com.google.chip.chiptool W/IInputConnectionWrapper: endBatchEdit on inactive InputConnection
2022-04-14 14:18:27.910 17463-17463/com.google.chip.chiptool W/IInputConnectionWrapper: beginBatchEdit on inactive InputConnection
2022-04-14 14:18:27.910 17463-17463/com.google.chip.chiptool W/IInputConnectionWrapper: endBatchEdit on inactive InputConnection
2022-04-14 14:18:27.910 17463-17463/com.google.chip.chiptool W/IInputConnectionWrapper: beginBatchEdit on inactive InputConnection
2022-04-14 14:18:27.910 17463-17463/com.google.chip.chiptool W/IInputConnectionWrapper: endBatchEdit on inactive InputConnection
2022-04-14 14:18:47.358 17463-17463/com.google.chip.chiptool W/IInputConnectionWrapper: beginBatchEdit on inactive InputConnection
2022-04-14 14:18:47.384 17463-17463/com.google.chip.chiptool W/IInputConnectionWrapper: beginBatchEdit on inactive InputConnection
2022-04-14 14:18:47.398 17463-17463/com.google.chip.chiptool W/IInputConnectionWrapper: beginBatchEdit on inactive InputConnection
2022-04-14 14:18:47.398 17463-17463/com.google.chip.chiptool W/IInputConnectionWrapper: endBatchEdit on inactive InputConnection
2022-04-14 14:18:47.398 17463-17463/com.google.chip.chiptool W/IInputConnectionWrapper: beginBatchEdit on inactive InputConnection
2022-04-14 14:18:47.399 17463-17463/com.google.chip.chiptool W/IInputConnectionWrapper: endBatchEdit on inactive InputConnection
2022-04-14 14:18:47.399 17463-17463/com.google.chip.chiptool W/IInputConnectionWrapper: beginBatchEdit on inactive InputConnection
2022-04-14 14:18:47.399 17463-17463/com.google.chip.chiptool W/IInputConnectionWrapper: endBatchEdit on inactive InputConnection
2022-04-14 14:18:47.399 17463-17463/com.google.chip.chiptool W/IInputConnectionWrapper: endBatchEdit on inactive InputConnection
2022-04-14 14:18:47.436 17463-17463/com.google.chip.chiptool W/IInputConnectionWrapper: beginBatchEdit on inactive InputConnection
2022-04-14 14:18:47.443 17463-17463/com.google.chip.chiptool W/IInputConnectionWrapper: beginBatchEdit on inactive InputConnection
2022-04-14 14:18:47.443 17463-17463/com.google.chip.chiptool W/IInputConnectionWrapper: endBatchEdit on inactive InputConnection
2022-04-14 14:18:47.443 17463-17463/com.google.chip.chiptool W/IInputConnectionWrapper: beginBatchEdit on inactive InputConnection
2022-04-14 14:18:47.443 17463-17463/com.google.chip.chiptool W/IInputConnectionWrapper: endBatchEdit on inactive InputConnection
2022-04-14 14:18:47.444 17463-17463/com.google.chip.chiptool W/IInputConnectionWrapper: beginBatchEdit on inactive InputConnection
2022-04-14 14:18:47.444 17463-17463/com.google.chip.chiptool W/IInputConnectionWrapper: endBatchEdit on inactive InputConnection
2022-04-14 14:18:47.444 17463-17463/com.google.chip.chiptool W/IInputConnectionWrapper: endBatchEdit on inactive InputConnection
2022-04-14 14:18:47.446 17463-17463/com.google.chip.chiptool W/IInputConnectionWrapper: beginBatchEdit on inactive InputConnection
2022-04-14 14:18:47.450 17463-17463/com.google.chip.chiptool W/IInputConnectionWrapper: endBatchEdit on inactive InputConnection
2022-04-14 14:18:47.507 17463-17463/com.google.chip.chiptool W/IInputConnectionWrapper: beginBatchEdit on inactive InputConnection
2022-04-14 14:18:47.508 17463-17463/com.google.chip.chiptool W/IInputConnectionWrapper: endBatchEdit on inactive InputConnection
2022-04-14 14:18:47.515 17463-17463/com.google.chip.chiptool W/IInputConnectionWrapper: endBatchEdit on inactive InputConnection
2022-04-14 14:18:47.520 17463-17463/com.google.chip.chiptool W/IInputConnectionWrapper: beginBatchEdit on inactive InputConnection
2022-04-14 14:18:47.520 17463-17463/com.google.chip.chiptool W/IInputConnectionWrapper: endBatchEdit on inactive InputConnection
2022-04-14 14:18:47.520 17463-17463/com.google.chip.chiptool W/IInputConnectionWrapper: beginBatchEdit on inactive InputConnection
2022-04-14 14:18:47.520 17463-17463/com.google.chip.chiptool W/IInputConnectionWrapper: endBatchEdit on inactive InputConnection
2022-04-14 14:18:47.520 17463-17463/com.google.chip.chiptool W/IInputConnectionWrapper: beginBatchEdit on inactive InputConnection
2022-04-14 14:18:47.520 17463-17463/com.google.chip.chiptool W/IInputConnectionWrapper: endBatchEdit on inactive InputConnection
2022-04-14 14:18:47.531 17463-17463/com.google.chip.chiptool W/IInputConnectionWrapper: beginBatchEdit on inactive InputConnection
2022-04-14 14:18:47.531 17463-17463/com.google.chip.chiptool W/IInputConnectionWrapper: endBatchEdit on inactive InputConnection
2022-04-14 14:18:47.531 17463-17463/com.google.chip.chiptool W/IInputConnectionWrapper: beginBatchEdit on inactive InputConnection
2022-04-14 14:18:47.531 17463-17463/com.google.chip.chiptool W/IInputConnectionWrapper: endBatchEdit on inactive InputConnection
2022-04-14 14:18:47.531 17463-17463/com.google.chip.chiptool W/IInputConnectionWrapper: beginBatchEdit on inactive InputConnection
2022-04-14 14:18:47.531 17463-17463/com.google.chip.chiptool W/IInputConnectionWrapper: endBatchEdit on inactive InputConnection
